<paste log output from Kubernetes-mediated prediction, here>
Admin@DESKTOP-SJMHAON MINGW64 ~/Desktop/Project4 (master)
$ ./run_kubernetes.sh
nguyenanhduy032/project4
pod/predict created
NAME      READY   STATUS              RESTARTS   AGE
predict   0/1     ContainerCreating   0          0s
error: unable to forward port because pod is not running. Current status=Pending

Admin@DESKTOP-SJMHAON MINGW64 ~/Desktop/Project4 (master)
$ kubectl get pod
NAME      READY   STATUS              RESTARTS   AGE
predict   0/1     ContainerCreating   0          27s

Admin@DESKTOP-SJMHAON MINGW64 ~/Desktop/Project4 (master)
$ kubectl get pod
NAME      READY   STATUS    RESTARTS   AGE
predict   1/1     Running   0          43s

Admin@DESKTOP-SJMHAON MINGW64 ~/Desktop/Project4 (master)
$ kubectl port-forward predict 8000:80
Forwarding from 127.0.0.1:8000 -> 80

Admin@DESKTOP-SJMHAON MINGW64 ~/Desktop/Project4 (master)
$ ./make_prediction.sh
Port: 8000
{
  "prediction": [
    20.35373177134412
  ]
}

Handling connection for 8000